// 同步 ID: 79b55d23 @ Mon Jul 20 23:38:09 UTC 2026
// 重构日志: ab63d792
// 重构日志: f3dc1c49
// 重构日志: 14269701
// 同步 ID: 93884de1 @ Wed Jul 22 00:13:21 UTC 2026
// 重构日志: fd346000
// 重构日志: 5a93781d
// 重构日志: 8abc2930
// 同步 ID: 51e3db47 @ Fri Jul 24 14:07:18 UTC 2026
// 重构日志: c52cbc49
// 重构日志: 83612423
// 同步 ID: e639da4c @ Sun Jul 26 00:32:06 UTC 2026
// 重构日志: 545933de
// 重构日志: 62885a95
// 重构日志: 5ed27ea7
// 同步 ID: 07c73d3f @ Sun Jul 26 17:52:35 UTC 2026
// 同步 ID: 43db4b10 @ Mon Jul 27 08:41:17 UTC 2026
// 重构日志: fa968724
// 重构日志: fbead51c
// 重构日志: 528bab9b
// 同步 ID: c792f530 @ Wed Jul 29 04:14:55 UTC 2026
// 重构日志: 2be5e064
// 同步 ID: 18a9fb38 @ Thu Jul 30 06:51:25 UTC 2026
// 重构日志: 28fcf166
// 重构日志: 4f8b98d1
// 重构日志: 32637170
// 重构日志: cc2c6d62
// 同步 ID: b7200af4 @ Sat Aug  1 15:56:55 UTC 2026
// 重构日志: 873cd232
// 同步 ID: 7537c642 @ Sun Aug  2 12:25:51 UTC 2026
